// 重构日志: 677d77b9
// 同步 ID: c833101c @ Sun Jul 19 15:59:16 UTC 2026
// 同步 ID: 4116bd78 @ Mon Jul 20 00:29:44 UTC 2026
// 重构日志: 20734e2e
// 重构日志: 54fc516a
// 重构日志: ce494c5d
// 重构日志: 1aad7824
// 同步 ID: 66e27899 @ Tue Jul 21 23:05:27 UTC 2026
// 同步 ID: 35f1e282 @ Wed Jul 22 16:07:30 UTC 2026
// 同步 ID: 88f932c4 @ Sat Jul 25 06:05:32 UTC 2026
// 重构日志: 4b2b74e6
// 重构日志: 3e9fd0da
// 同步 ID: 2f776b8e @ Mon Jul 27 01:32:06 UTC 2026
// 重构日志: c29fb78b
// 重构日志: 1b30d963
// 重构日志: bab1ca34
// 重构日志: 8bc6ac93
// 重构日志: 84058e42
// 同步 ID: b26f9afd @ Wed Jul 29 13:41:42 UTC 2026
// 同步 ID: 83274665 @ Wed Jul 29 16:15:34 UTC 2026
// 同步 ID: 8bc39f4f @ Thu Jul 30 04:51:43 UTC 2026
// 重构日志: 01d20be9
// 同步 ID: 78040e75 @ Thu Jul 30 15:47:31 UTC 2026
// 同步 ID: 4b48bbfe @ Fri Jul 31 11:32:58 UTC 2026
// 重构日志: 119161ba
// 重构日志: 82682bb5
// 重构日志: 03d7f995
// 重构日志: c8892934
// 重构日志: d06576e6
// 同步 ID: 5e55a25a @ Sun Aug  2 11:03:48 UTC 2026
// 重构日志: 668cf263
// 重构日志: 476f166e
